// Jest Snapshot v1, https://goo.gl/fbAQLP

exports[`renders correctly 1`] = `
<View
  style={
    Object {
      "paddingBottom": 80,
    }
  }
>
  <View
    collapsable={false}
    style={
      Object {
        "backgroundColor": "#121212",
        "borderColor": "rgba(0, 0, 0, 0.12)",
        "borderRadius": 4,
        "elevation": 1,
        "height": 350,
        "marginLeft": "10%",
        "marginTop": 20,
        "shadowColor": "#000000",
        "shadowOffset": Object {
          "height": 0.5,
          "width": 0,
        },
        "shadowOpacity": 0.24,
        "shadowRadius": 0.75,
        "width": "80%",
      }
    }
  >
    <View
      accessibilityState={
        Object {
          "disabled": true,
        }
      }
      accessible={true}
      focusable={false}
      onClick={[Function]}
      onResponderGrant={[Function]}
      onResponderMove={[Function]}
      onResponderRelease={[Function]}
      onResponderTerminate={[Function]}
      onResponderTerminationRequest={[Function]}
      onStartShouldSetResponder={[Function]}
      style={
        Object {
          "flexGrow": 1,
          "flexShrink": 1,
        }
      }
    >
      <View
        style={
          Array [
            Object {
              "paddingHorizontal": 16,
            },
            Object {
              "paddingVertical": 16,
            },
            undefined,
          ]
        }
      >
        <Text
          style={
            Array [
              Object {
                "color": "#000000",
                "fontFamily": "System",
                "fontWeight": "400",
              },
              Object {
                "textAlign": "left",
              },
              Array [
                Object {
                  "textAlign": "left",
                },
                Object {
                  "color": "rgba(0, 0, 0, 0.87)",
                  "fontFamily": "System",
                  "fontWeight": "400",
                  "writingDirection": "ltr",
                },
                Array [
                  Object {
                    "fontSize": 14,
                    "letterSpacing": 0.25,
                    "lineHeight": 20,
                    "marginVertical": 2,
                  },
                  Object {
                    "alignContent": "center",
                    "color": "#03DAC6",
                    "fontFamily": "Roboto",
                    "fontSize": 20,
                    "justifyContent": "center",
                    "marginLeft": "5%",
                    "width": "100%",
                  },
                ],
              ],
            ]
          }
        >
          Water
        </Text>
        <Text
          style={
            Array [
              Object {
                "color": "#000000",
                "fontFamily": "System",
                "fontWeight": "400",
              },
              Object {
                "textAlign": "left",
              },
              Array [
                Object {
                  "textAlign": "left",
                },
                Object {
                  "color": "rgba(0, 0, 0, 0.87)",
                  "fontFamily": "System",
                  "fontWeight": "400",
                  "writingDirection": "ltr",
                },
                Array [
                  Object {
                    "fontSize": 14,
                    "letterSpacing": 0.25,
                    "lineHeight": 20,
                    "marginVertical": 2,
                  },
                  Object {
                    "color": "#03DAC6",
                    "fontFamily": "Roboto",
                    "fontSize": 10,
                    "marginLeft": "5%",
                  },
                ],
              ],
            ]
          }
        >
          $1.99
        </Text>
        <Text
          style={
            Array [
              Object {
                "color": "#000000",
                "fontFamily": "System",
                "fontWeight": "400",
              },
              Object {
                "textAlign": "left",
              },
              Array [
                Object {
                  "textAlign": "left",
                },
                Object {
                  "color": "rgba(0, 0, 0, 0.87)",
                  "fontFamily": "System",
                  "fontWeight": "400",
                  "writingDirection": "ltr",
                },
                Array [
                  Object {
                    "fontSize": 14,
                    "letterSpacing": 0.25,
                    "lineHeight": 20,
                    "marginVertical": 2,
                  },
                  Object {
                    "color": "#03DAC6",
                    "fontFamily": "Roboto",
                    "marginBottom": 5,
                    "marginLeft": "5%",
                  },
                ],
              ],
            ]
          }
        >
          Fresh from the tap
        </Text>
        <View
          style={
            Array [
              Object {
                "backgroundColor": "#eeeeee",
                "height": 195,
                "overflow": "hidden",
              },
              undefined,
              Object {
                "alignContent": "center",
                "display": "flex",
                "justifyContent": "center",
                "marginBottom": 10,
                "marginLeft": "5%",
                "width": "90%",
              },
            ]
          }
        >
          <Image
            source={
              Object {
                "uri": "https://sample-python-cfd.herokuapp.com//CFD/1.0.0/image/6",
              }
            }
            style={
              Array [
                Object {
                  "flex": 1,
                  "height": undefined,
                  "justifyContent": "flex-end",
                  "padding": 16,
                  "width": undefined,
                },
                undefined,
              ]
            }
          />
        </View>
        <View
          style={
            Array [
              Object {
                "alignItems": "center",
                "flexDirection": "row",
                "justifyContent": "flex-start",
                "padding": 8,
              },
              Object {
                "color": "#03DAC6",
                "fontFamily": "Roboto",
                "marginLeft": "3%",
                "padding": 5,
              },
            ]
          }
        >
          <View
            collapsable={false}
            style={
              Object {
                "backgroundColor": "#03DAC6",
                "borderColor": "transparent",
                "borderRadius": 4,
                "borderStyle": "solid",
                "borderWidth": 0,
                "elevation": 2,
                "minWidth": "auto",
                "shadowColor": "#000000",
                "shadowOffset": Object {
                  "height": 0.75,
                  "width": 0,
                },
                "shadowOpacity": 0.24,
                "shadowRadius": 1.5,
              }
            }
          >
            <View
              accessibilityRole="button"
              accessibilityState={
                Object {
                  "disabled": false,
                }
              }
              accessible={true}
              focusable={true}
              onClick={[Function]}
              onResponderGrant={[Function]}
              onResponderMove={[Function]}
              onResponderRelease={[Function]}
              onResponderTerminate={[Function]}
              onResponderTerminationRequest={[Function]}
              onStartShouldSetResponder={[Function]}
              style={
                Array [
                  Object {
                    "overflow": "hidden",
                  },
                  Object {
                    "borderRadius": 4,
                  },
                ]
              }
            >
              <View
                style={
                  Array [
                    Object {
                      "alignItems": "center",
                      "flexDirection": "row",
                      "justifyContent": "center",
                    },
                    undefined,
                  ]
                }
              >
                <Text
                  numberOfLines={1}
                  selectable={false}
                  style={
                    Array [
                      Object {
                        "color": "#000000",
                        "fontFamily": "System",
                        "fontWeight": "400",
                      },
                      Object {
                        "textAlign": "left",
                      },
                      Array [
                        Object {
                          "letterSpacing": 1,
                          "marginHorizontal": 16,
                          "marginVertical": 9,
                          "textAlign": "center",
                        },
                        Object {
                          "marginHorizontal": 8,
                        },
                        Object {
                          "textTransform": "uppercase",
                        },
                        Object {
                          "color": "#000000",
                          "fontFamily": "System",
                          "fontWeight": "500",
                        },
                        Object {
                          "fontFamily": "System",
                          "fontWeight": "500",
                        },
                        undefined,
                      ],
                    ]
                  }
                >
                  Add to Cart
                </Text>
              </View>
            </View>
          </View>
        </View>
      </View>
    </View>
  </View>
  <View
    collapsable={false}
    style={
      Object {
        "backgroundColor": "#121212",
        "borderColor": "rgba(0, 0, 0, 0.12)",
        "borderRadius": 4,
        "elevation": 1,
        "height": 350,
        "marginLeft": "10%",
        "marginTop": 20,
        "shadowColor": "#000000",
        "shadowOffset": Object {
          "height": 0.5,
          "width": 0,
        },
        "shadowOpacity": 0.24,
        "shadowRadius": 0.75,
        "width": "80%",
      }
    }
  >
    <View
      accessibilityState={
        Object {
          "disabled": true,
        }
      }
      accessible={true}
      focusable={false}
      onClick={[Function]}
      onResponderGrant={[Function]}
      onResponderMove={[Function]}
      onResponderRelease={[Function]}
      onResponderTerminate={[Function]}
      onResponderTerminationRequest={[Function]}
      onStartShouldSetResponder={[Function]}
      style={
        Object {
          "flexGrow": 1,
          "flexShrink": 1,
        }
      }
    >
      <View
        style={
          Array [
            Object {
              "paddingHorizontal": 16,
            },
            Object {
              "paddingVertical": 16,
            },
            undefined,
          ]
        }
      >
        <Text
          style={
            Array [
              Object {
                "color": "#000000",
                "fontFamily": "System",
                "fontWeight": "400",
              },
              Object {
                "textAlign": "left",
              },
              Array [
                Object {
                  "textAlign": "left",
                },
                Object {
                  "color": "rgba(0, 0, 0, 0.87)",
                  "fontFamily": "System",
                  "fontWeight": "400",
                  "writingDirection": "ltr",
                },
                Array [
                  Object {
                    "fontSize": 14,
                    "letterSpacing": 0.25,
                    "lineHeight": 20,
                    "marginVertical": 2,
                  },
                  Object {
                    "alignContent": "center",
                    "color": "#03DAC6",
                    "fontFamily": "Roboto",
                    "fontSize": 20,
                    "justifyContent": "center",
                    "marginLeft": "5%",
                    "width": "100%",
                  },
                ],
              ],
            ]
          }
        >
          Chicken Wrap
        </Text>
        <Text
          style={
            Array [
              Object {
                "color": "#000000",
                "fontFamily": "System",
                "fontWeight": "400",
              },
              Object {
                "textAlign": "left",
              },
              Array [
                Object {
                  "textAlign": "left",
                },
                Object {
                  "color": "rgba(0, 0, 0, 0.87)",
                  "fontFamily": "System",
                  "fontWeight": "400",
                  "writingDirection": "ltr",
                },
                Array [
                  Object {
                    "fontSize": 14,
                    "letterSpacing": 0.25,
                    "lineHeight": 20,
                    "marginVertical": 2,
                  },
                  Object {
                    "color": "#03DAC6",
                    "fontFamily": "Roboto",
                    "fontSize": 10,
                    "marginLeft": "5%",
                  },
                ],
              ],
            ]
          }
        >
          $14.99
        </Text>
        <Text
          style={
            Array [
              Object {
                "color": "#000000",
                "fontFamily": "System",
                "fontWeight": "400",
              },
              Object {
                "textAlign": "left",
              },
              Array [
                Object {
                  "textAlign": "left",
                },
                Object {
                  "color": "rgba(0, 0, 0, 0.87)",
                  "fontFamily": "System",
                  "fontWeight": "400",
                  "writingDirection": "ltr",
                },
                Array [
                  Object {
                    "fontSize": 14,
                    "letterSpacing": 0.25,
                    "lineHeight": 20,
                    "marginVertical": 2,
                  },
                  Object {
                    "color": "#03DAC6",
                    "fontFamily": "Roboto",
                    "marginBottom": 5,
                    "marginLeft": "5%",
                  },
                ],
              ],
            ]
          }
        >
          Chicken Wrap - Sandwich
        </Text>
        <View
          style={
            Array [
              Object {
                "backgroundColor": "#eeeeee",
                "height": 195,
                "overflow": "hidden",
              },
              undefined,
              Object {
                "alignContent": "center",
                "display": "flex",
                "justifyContent": "center",
                "marginBottom": 10,
                "marginLeft": "5%",
                "width": "90%",
              },
            ]
          }
        >
          <Image
            source={
              Object {
                "uri": "https://sample-python-cfd.herokuapp.com//CFD/1.0.0/image/1",
              }
            }
            style={
              Array [
                Object {
                  "flex": 1,
                  "height": undefined,
                  "justifyContent": "flex-end",
                  "padding": 16,
                  "width": undefined,
                },
                undefined,
              ]
            }
          />
        </View>
        <View
          style={
            Array [
              Object {
                "alignItems": "center",
                "flexDirection": "row",
                "justifyContent": "flex-start",
                "padding": 8,
              },
              Object {
                "color": "#03DAC6",
                "fontFamily": "Roboto",
                "marginLeft": "3%",
                "padding": 5,
              },
            ]
          }
        >
          <View
            collapsable={false}
            style={
              Object {
                "backgroundColor": "#03DAC6",
                "borderColor": "transparent",
                "borderRadius": 4,
                "borderStyle": "solid",
                "borderWidth": 0,
                "elevation": 2,
                "minWidth": "auto",
                "shadowColor": "#000000",
                "shadowOffset": Object {
                  "height": 0.75,
                  "width": 0,
                },
                "shadowOpacity": 0.24,
                "shadowRadius": 1.5,
              }
            }
          >
            <View
              accessibilityRole="button"
              accessibilityState={
                Object {
                  "disabled": false,
                }
              }
              accessible={true}
              focusable={true}
              onClick={[Function]}
              onResponderGrant={[Function]}
              onResponderMove={[Function]}
              onResponderRelease={[Function]}
              onResponderTerminate={[Function]}
              onResponderTerminationRequest={[Function]}
              onStartShouldSetResponder={[Function]}
              style={
                Array [
                  Object {
                    "overflow": "hidden",
                  },
                  Object {
                    "borderRadius": 4,
                  },
                ]
              }
            >
              <View
                style={
                  Array [
                    Object {
                      "alignItems": "center",
                      "flexDirection": "row",
                      "justifyContent": "center",
                    },
                    undefined,
                  ]
                }
              >
                <Text
                  numberOfLines={1}
                  selectable={false}
                  style={
                    Array [
                      Object {
                        "color": "#000000",
                        "fontFamily": "System",
                        "fontWeight": "400",
                      },
                      Object {
                        "textAlign": "left",
                      },
                      Array [
                        Object {
                          "letterSpacing": 1,
                          "marginHorizontal": 16,
                          "marginVertical": 9,
                          "textAlign": "center",
                        },
                        Object {
                          "marginHorizontal": 8,
                        },
                        Object {
                          "textTransform": "uppercase",
                        },
                        Object {
                          "color": "#000000",
                          "fontFamily": "System",
                          "fontWeight": "500",
                        },
                        Object {
                          "fontFamily": "System",
                          "fontWeight": "500",
                        },
                        undefined,
                      ],
                    ]
                  }
                >
                  Add to Cart
                </Text>
              </View>
            </View>
          </View>
        </View>
      </View>
    </View>
  </View>
  <View
    collapsable={false}
    style={
      Object {
        "backgroundColor": "#121212",
        "borderColor": "rgba(0, 0, 0, 0.12)",
        "borderRadius": 4,
        "elevation": 1,
        "height": 350,
        "marginLeft": "10%",
        "marginTop": 20,
        "shadowColor": "#000000",
        "shadowOffset": Object {
          "height": 0.5,
          "width": 0,
        },
        "shadowOpacity": 0.24,
        "shadowRadius": 0.75,
        "width": "80%",
      }
    }
  >
    <View
      accessibilityState={
        Object {
          "disabled": true,
        }
      }
      accessible={true}
      focusable={false}
      onClick={[Function]}
      onResponderGrant={[Function]}
      onResponderMove={[Function]}
      onResponderRelease={[Function]}
      onResponderTerminate={[Function]}
      onResponderTerminationRequest={[Function]}
      onStartShouldSetResponder={[Function]}
      style={
        Object {
          "flexGrow": 1,
          "flexShrink": 1,
        }
      }
    >
      <View
        style={
          Array [
            Object {
              "paddingHorizontal": 16,
            },
            Object {
              "paddingVertical": 16,
            },
            undefined,
          ]
        }
      >
        <Text
          style={
            Array [
              Object {
                "color": "#000000",
                "fontFamily": "System",
                "fontWeight": "400",
              },
              Object {
                "textAlign": "left",
              },
              Array [
                Object {
                  "textAlign": "left",
                },
                Object {
                  "color": "rgba(0, 0, 0, 0.87)",
                  "fontFamily": "System",
                  "fontWeight": "400",
                  "writingDirection": "ltr",
                },
                Array [
                  Object {
                    "fontSize": 14,
                    "letterSpacing": 0.25,
                    "lineHeight": 20,
                    "marginVertical": 2,
                  },
                  Object {
                    "alignContent": "center",
                    "color": "#03DAC6",
                    "fontFamily": "Roboto",
                    "fontSize": 20,
                    "justifyContent": "center",
                    "marginLeft": "5%",
                    "width": "100%",
                  },
                ],
              ],
            ]
          }
        >
          Stew
        </Text>
        <Text
          style={
            Array [
              Object {
                "color": "#000000",
                "fontFamily": "System",
                "fontWeight": "400",
              },
              Object {
                "textAlign": "left",
              },
              Array [
                Object {
                  "textAlign": "left",
                },
                Object {
                  "color": "rgba(0, 0, 0, 0.87)",
                  "fontFamily": "System",
                  "fontWeight": "400",
                  "writingDirection": "ltr",
                },
                Array [
                  Object {
                    "fontSize": 14,
                    "letterSpacing": 0.25,
                    "lineHeight": 20,
                    "marginVertical": 2,
                  },
                  Object {
                    "color": "#03DAC6",
                    "fontFamily": "Roboto",
                    "fontSize": 10,
                    "marginLeft": "5%",
                  },
                ],
              ],
            ]
          }
        >
          $12.99
        </Text>
        <Text
          style={
            Array [
              Object {
                "color": "#000000",
                "fontFamily": "System",
                "fontWeight": "400",
              },
              Object {
                "textAlign": "left",
              },
              Array [
                Object {
                  "textAlign": "left",
                },
                Object {
                  "color": "rgba(0, 0, 0, 0.87)",
                  "fontFamily": "System",
                  "fontWeight": "400",
                  "writingDirection": "ltr",
                },
                Array [
                  Object {
                    "fontSize": 14,
                    "letterSpacing": 0.25,
                    "lineHeight": 20,
                    "marginVertical": 2,
                  },
                  Object {
                    "color": "#03DAC6",
                    "fontFamily": "Roboto",
                    "marginBottom": 5,
                    "marginLeft": "5%",
                  },
                ],
              ],
            ]
          }
        >
          A slow cooked stew
        </Text>
        <View
          style={
            Array [
              Object {
                "backgroundColor": "#eeeeee",
                "height": 195,
                "overflow": "hidden",
              },
              undefined,
              Object {
                "alignContent": "center",
                "display": "flex",
                "justifyContent": "center",
                "marginBottom": 10,
                "marginLeft": "5%",
                "width": "90%",
              },
            ]
          }
        >
          <Image
            source={
              Object {
                "uri": "https://sample-python-cfd.herokuapp.com//CFD/1.0.0/image/5",
              }
            }
            style={
              Array [
                Object {
                  "flex": 1,
                  "height": undefined,
                  "justifyContent": "flex-end",
                  "padding": 16,
                  "width": undefined,
                },
                undefined,
              ]
            }
          />
        </View>
        <View
          style={
            Array [
              Object {
                "alignItems": "center",
                "flexDirection": "row",
                "justifyContent": "flex-start",
                "padding": 8,
              },
              Object {
                "color": "#03DAC6",
                "fontFamily": "Roboto",
                "marginLeft": "3%",
                "padding": 5,
              },
            ]
          }
        >
          <View
            collapsable={false}
            style={
              Object {
                "backgroundColor": "#03DAC6",
                "borderColor": "transparent",
                "borderRadius": 4,
                "borderStyle": "solid",
                "borderWidth": 0,
                "elevation": 2,
                "minWidth": "auto",
                "shadowColor": "#000000",
                "shadowOffset": Object {
                  "height": 0.75,
                  "width": 0,
                },
                "shadowOpacity": 0.24,
                "shadowRadius": 1.5,
              }
            }
          >
            <View
              accessibilityRole="button"
              accessibilityState={
                Object {
                  "disabled": false,
                }
              }
              accessible={true}
              focusable={true}
              onClick={[Function]}
              onResponderGrant={[Function]}
              onResponderMove={[Function]}
              onResponderRelease={[Function]}
              onResponderTerminate={[Function]}
              onResponderTerminationRequest={[Function]}
              onStartShouldSetResponder={[Function]}
              style={
                Array [
                  Object {
                    "overflow": "hidden",
                  },
                  Object {
                    "borderRadius": 4,
                  },
                ]
              }
            >
              <View
                style={
                  Array [
                    Object {
                      "alignItems": "center",
                      "flexDirection": "row",
                      "justifyContent": "center",
                    },
                    undefined,
                  ]
                }
              >
                <Text
                  numberOfLines={1}
                  selectable={false}
                  style={
                    Array [
                      Object {
                        "color": "#000000",
                        "fontFamily": "System",
                        "fontWeight": "400",
                      },
                      Object {
                        "textAlign": "left",
                      },
                      Array [
                        Object {
                          "letterSpacing": 1,
                          "marginHorizontal": 16,
                          "marginVertical": 9,
                          "textAlign": "center",
                        },
                        Object {
                          "marginHorizontal": 8,
                        },
                        Object {
                          "textTransform": "uppercase",
                        },
                        Object {
                          "color": "#000000",
                          "fontFamily": "System",
                          "fontWeight": "500",
                        },
                        Object {
                          "fontFamily": "System",
                          "fontWeight": "500",
                        },
                        undefined,
                      ],
                    ]
                  }
                >
                  Add to Cart
                </Text>
              </View>
            </View>
          </View>
        </View>
      </View>
    </View>
  </View>
  <View
    collapsable={false}
    style={
      Object {
        "backgroundColor": "#121212",
        "borderColor": "rgba(0, 0, 0, 0.12)",
        "borderRadius": 4,
        "elevation": 1,
        "height": 350,
        "marginLeft": "10%",
        "marginTop": 20,
        "shadowColor": "#000000",
        "shadowOffset": Object {
          "height": 0.5,
          "width": 0,
        },
        "shadowOpacity": 0.24,
        "shadowRadius": 0.75,
        "width": "80%",
      }
    }
  >
    <View
      accessibilityState={
        Object {
          "disabled": true,
        }
      }
      accessible={true}
      focusable={false}
      onClick={[Function]}
      onResponderGrant={[Function]}
      onResponderMove={[Function]}
      onResponderRelease={[Function]}
      onResponderTerminate={[Function]}
      onResponderTerminationRequest={[Function]}
      onStartShouldSetResponder={[Function]}
      style={
        Object {
          "flexGrow": 1,
          "flexShrink": 1,
        }
      }
    >
      <View
        style={
          Array [
            Object {
              "paddingHorizontal": 16,
            },
            Object {
              "paddingVertical": 16,
            },
            undefined,
          ]
        }
      >
        <Text
          style={
            Array [
              Object {
                "color": "#000000",
                "fontFamily": "System",
                "fontWeight": "400",
              },
              Object {
                "textAlign": "left",
              },
              Array [
                Object {
                  "textAlign": "left",
                },
                Object {
                  "color": "rgba(0, 0, 0, 0.87)",
                  "fontFamily": "System",
                  "fontWeight": "400",
                  "writingDirection": "ltr",
                },
                Array [
                  Object {
                    "fontSize": 14,
                    "letterSpacing": 0.25,
                    "lineHeight": 20,
                    "marginVertical": 2,
                  },
                  Object {
                    "alignContent": "center",
                    "color": "#03DAC6",
                    "fontFamily": "Roboto",
                    "fontSize": 20,
                    "justifyContent": "center",
                    "marginLeft": "5%",
                    "width": "100%",
                  },
                ],
              ],
            ]
          }
        >
          Tomato Stew
        </Text>
        <Text
          style={
            Array [
              Object {
                "color": "#000000",
                "fontFamily": "System",
                "fontWeight": "400",
              },
              Object {
                "textAlign": "left",
              },
              Array [
                Object {
                  "textAlign": "left",
                },
                Object {
                  "color": "rgba(0, 0, 0, 0.87)",
                  "fontFamily": "System",
                  "fontWeight": "400",
                  "writingDirection": "ltr",
                },
                Array [
                  Object {
                    "fontSize": 14,
                    "letterSpacing": 0.25,
                    "lineHeight": 20,
                    "marginVertical": 2,
                  },
                  Object {
                    "color": "#03DAC6",
                    "fontFamily": "Roboto",
                    "fontSize": 10,
                    "marginLeft": "5%",
                  },
                ],
              ],
            ]
          }
        >
          $4.99
        </Text>
        <Text
          style={
            Array [
              Object {
                "color": "#000000",
                "fontFamily": "System",
                "fontWeight": "400",
              },
              Object {
                "textAlign": "left",
              },
              Array [
                Object {
                  "textAlign": "left",
                },
                Object {
                  "color": "rgba(0, 0, 0, 0.87)",
                  "fontFamily": "System",
                  "fontWeight": "400",
                  "writingDirection": "ltr",
                },
                Array [
                  Object {
                    "fontSize": 14,
                    "letterSpacing": 0.25,
                    "lineHeight": 20,
                    "marginVertical": 2,
                  },
                  Object {
                    "color": "#03DAC6",
                    "fontFamily": "Roboto",
                    "marginBottom": 5,
                    "marginLeft": "5%",
                  },
                ],
              ],
            ]
          }
        >
          It looks good in the menu picture
        </Text>
        <View
          style={
            Array [
              Object {
                "backgroundColor": "#eeeeee",
                "height": 195,
                "overflow": "hidden",
              },
              undefined,
              Object {
                "alignContent": "center",
                "display": "flex",
                "justifyContent": "center",
                "marginBottom": 10,
                "marginLeft": "5%",
                "width": "90%",
              },
            ]
          }
        >
          <Image
            source={
              Object {
                "uri": "https://sample-python-cfd.herokuapp.com//CFD/1.0.0/image/2",
              }
            }
            style={
              Array [
                Object {
                  "flex": 1,
                  "height": undefined,
                  "justifyContent": "flex-end",
                  "padding": 16,
                  "width": undefined,
                },
                undefined,
              ]
            }
          />
        </View>
        <View
          style={
            Array [
              Object {
                "alignItems": "center",
                "flexDirection": "row",
                "justifyContent": "flex-start",
                "padding": 8,
              },
              Object {
                "color": "#03DAC6",
                "fontFamily": "Roboto",
                "marginLeft": "3%",
                "padding": 5,
              },
            ]
          }
        >
          <View
            collapsable={false}
            style={
              Object {
                "backgroundColor": "#03DAC6",
                "borderColor": "transparent",
                "borderRadius": 4,
                "borderStyle": "solid",
                "borderWidth": 0,
                "elevation": 2,
                "minWidth": "auto",
                "shadowColor": "#000000",
                "shadowOffset": Object {
                  "height": 0.75,
                  "width": 0,
                },
                "shadowOpacity": 0.24,
                "shadowRadius": 1.5,
              }
            }
          >
            <View
              accessibilityRole="button"
              accessibilityState={
                Object {
                  "disabled": false,
                }
              }
              accessible={true}
              focusable={true}
              onClick={[Function]}
              onResponderGrant={[Function]}
              onResponderMove={[Function]}
              onResponderRelease={[Function]}
              onResponderTerminate={[Function]}
              onResponderTerminationRequest={[Function]}
              onStartShouldSetResponder={[Function]}
              style={
                Array [
                  Object {
                    "overflow": "hidden",
                  },
                  Object {
                    "borderRadius": 4,
                  },
                ]
              }
            >
              <View
                style={
                  Array [
                    Object {
                      "alignItems": "center",
                      "flexDirection": "row",
                      "justifyContent": "center",
                    },
                    undefined,
                  ]
                }
              >
                <Text
                  numberOfLines={1}
                  selectable={false}
                  style={
                    Array [
                      Object {
                        "color": "#000000",
                        "fontFamily": "System",
                        "fontWeight": "400",
                      },
                      Object {
                        "textAlign": "left",
                      },
                      Array [
                        Object {
                          "letterSpacing": 1,
                          "marginHorizontal": 16,
                          "marginVertical": 9,
                          "textAlign": "center",
                        },
                        Object {
                          "marginHorizontal": 8,
                        },
                        Object {
                          "textTransform": "uppercase",
                        },
                        Object {
                          "color": "#000000",
                          "fontFamily": "System",
                          "fontWeight": "500",
                        },
                        Object {
                          "fontFamily": "System",
                          "fontWeight": "500",
                        },
                        undefined,
                      ],
                    ]
                  }
                >
                  Add to Cart
                </Text>
              </View>
            </View>
          </View>
        </View>
      </View>
    </View>
  </View>
  <View
    collapsable={false}
    style={
      Object {
        "backgroundColor": "#121212",
        "borderColor": "rgba(0, 0, 0, 0.12)",
        "borderRadius": 4,
        "elevation": 1,
        "height": 350,
        "marginLeft": "10%",
        "marginTop": 20,
        "shadowColor": "#000000",
        "shadowOffset": Object {
          "height": 0.5,
          "width": 0,
        },
        "shadowOpacity": 0.24,
        "shadowRadius": 0.75,
        "width": "80%",
      }
    }
  >
    <View
      accessibilityState={
        Object {
          "disabled": true,
        }
      }
      accessible={true}
      focusable={false}
      onClick={[Function]}
      onResponderGrant={[Function]}
      onResponderMove={[Function]}
      onResponderRelease={[Function]}
      onResponderTerminate={[Function]}
      onResponderTerminationRequest={[Function]}
      onStartShouldSetResponder={[Function]}
      style={
        Object {
          "flexGrow": 1,
          "flexShrink": 1,
        }
      }
    >
      <View
        style={
          Array [
            Object {
              "paddingHorizontal": 16,
            },
            Object {
              "paddingVertical": 16,
            },
            undefined,
          ]
        }
      >
        <Text
          style={
            Array [
              Object {
                "color": "#000000",
                "fontFamily": "System",
                "fontWeight": "400",
              },
              Object {
                "textAlign": "left",
              },
              Array [
                Object {
                  "textAlign": "left",
                },
                Object {
                  "color": "rgba(0, 0, 0, 0.87)",
                  "fontFamily": "System",
                  "fontWeight": "400",
                  "writingDirection": "ltr",
                },
                Array [
                  Object {
                    "fontSize": 14,
                    "letterSpacing": 0.25,
                    "lineHeight": 20,
                    "marginVertical": 2,
                  },
                  Object {
                    "alignContent": "center",
                    "color": "#03DAC6",
                    "fontFamily": "Roboto",
                    "fontSize": 20,
                    "justifyContent": "center",
                    "marginLeft": "5%",
                    "width": "100%",
                  },
                ],
              ],
            ]
          }
        >
          Salad
        </Text>
        <Text
          style={
            Array [
              Object {
                "color": "#000000",
                "fontFamily": "System",
                "fontWeight": "400",
              },
              Object {
                "textAlign": "left",
              },
              Array [
                Object {
                  "textAlign": "left",
                },
                Object {
                  "color": "rgba(0, 0, 0, 0.87)",
                  "fontFamily": "System",
                  "fontWeight": "400",
                  "writingDirection": "ltr",
                },
                Array [
                  Object {
                    "fontSize": 14,
                    "letterSpacing": 0.25,
                    "lineHeight": 20,
                    "marginVertical": 2,
                  },
                  Object {
                    "color": "#03DAC6",
                    "fontFamily": "Roboto",
                    "fontSize": 10,
                    "marginLeft": "5%",
                  },
                ],
              ],
            ]
          }
        >
          $4.99
        </Text>
        <Text
          style={
            Array [
              Object {
                "color": "#000000",
                "fontFamily": "System",
                "fontWeight": "400",
              },
              Object {
                "textAlign": "left",
              },
              Array [
                Object {
                  "textAlign": "left",
                },
                Object {
                  "color": "rgba(0, 0, 0, 0.87)",
                  "fontFamily": "System",
                  "fontWeight": "400",
                  "writingDirection": "ltr",
                },
                Array [
                  Object {
                    "fontSize": 14,
                    "letterSpacing": 0.25,
                    "lineHeight": 20,
                    "marginVertical": 2,
                  },
                  Object {
                    "color": "#03DAC6",
                    "fontFamily": "Roboto",
                    "marginBottom": 5,
                    "marginLeft": "5%",
                  },
                ],
              ],
            ]
          }
        >
          A green salad
        </Text>
        <View
          style={
            Array [
              Object {
                "backgroundColor": "#eeeeee",
                "height": 195,
                "overflow": "hidden",
              },
              undefined,
              Object {
                "alignContent": "center",
                "display": "flex",
                "justifyContent": "center",
                "marginBottom": 10,
                "marginLeft": "5%",
                "width": "90%",
              },
            ]
          }
        >
          <Image
            source={
              Object {
                "uri": "https://sample-python-cfd.herokuapp.com//CFD/1.0.0/image/2",
              }
            }
            style={
              Array [
                Object {
                  "flex": 1,
                  "height": undefined,
                  "justifyContent": "flex-end",
                  "padding": 16,
                  "width": undefined,
                },
                undefined,
              ]
            }
          />
        </View>
        <View
          style={
            Array [
              Object {
                "alignItems": "center",
                "flexDirection": "row",
                "justifyContent": "flex-start",
                "padding": 8,
              },
              Object {
                "color": "#03DAC6",
                "fontFamily": "Roboto",
                "marginLeft": "3%",
                "padding": 5,
              },
            ]
          }
        >
          <View
            collapsable={false}
            style={
              Object {
                "backgroundColor": "#03DAC6",
                "borderColor": "transparent",
                "borderRadius": 4,
                "borderStyle": "solid",
                "borderWidth": 0,
                "elevation": 2,
                "minWidth": "auto",
                "shadowColor": "#000000",
                "shadowOffset": Object {
                  "height": 0.75,
                  "width": 0,
                },
                "shadowOpacity": 0.24,
                "shadowRadius": 1.5,
              }
            }
          >
            <View
              accessibilityRole="button"
              accessibilityState={
                Object {
                  "disabled": false,
                }
              }
              accessible={true}
              focusable={true}
              onClick={[Function]}
              onResponderGrant={[Function]}
              onResponderMove={[Function]}
              onResponderRelease={[Function]}
              onResponderTerminate={[Function]}
              onResponderTerminationRequest={[Function]}
              onStartShouldSetResponder={[Function]}
              style={
                Array [
                  Object {
                    "overflow": "hidden",
                  },
                  Object {
                    "borderRadius": 4,
                  },
                ]
              }
            >
              <View
                style={
                  Array [
                    Object {
                      "alignItems": "center",
                      "flexDirection": "row",
                      "justifyContent": "center",
                    },
                    undefined,
                  ]
                }
              >
                <Text
                  numberOfLines={1}
                  selectable={false}
                  style={
                    Array [
                      Object {
                        "color": "#000000",
                        "fontFamily": "System",
                        "fontWeight": "400",
                      },
                      Object {
                        "textAlign": "left",
                      },
                      Array [
                        Object {
                          "letterSpacing": 1,
                          "marginHorizontal": 16,
                          "marginVertical": 9,
                          "textAlign": "center",
                        },
                        Object {
                          "marginHorizontal": 8,
                        },
                        Object {
                          "textTransform": "uppercase",
                        },
                        Object {
                          "color": "#000000",
                          "fontFamily": "System",
                          "fontWeight": "500",
                        },
                        Object {
                          "fontFamily": "System",
                          "fontWeight": "500",
                        },
                        undefined,
                      ],
                    ]
                  }
                >
                  Add to Cart
                </Text>
              </View>
            </View>
          </View>
        </View>
      </View>
    </View>
  </View>
  <View
    collapsable={false}
    style={
      Object {
        "backgroundColor": "#121212",
        "borderColor": "rgba(0, 0, 0, 0.12)",
        "borderRadius": 4,
        "elevation": 1,
        "height": 350,
        "marginLeft": "10%",
        "marginTop": 20,
        "shadowColor": "#000000",
        "shadowOffset": Object {
          "height": 0.5,
          "width": 0,
        },
        "shadowOpacity": 0.24,
        "shadowRadius": 0.75,
        "width": "80%",
      }
    }
  >
    <View
      accessibilityState={
        Object {
          "disabled": true,
        }
      }
      accessible={true}
      focusable={false}
      onClick={[Function]}
      onResponderGrant={[Function]}
      onResponderMove={[Function]}
      onResponderRelease={[Function]}
      onResponderTerminate={[Function]}
      onResponderTerminationRequest={[Function]}
      onStartShouldSetResponder={[Function]}
      style={
        Object {
          "flexGrow": 1,
          "flexShrink": 1,
        }
      }
    >
      <View
        style={
          Array [
            Object {
              "paddingHorizontal": 16,
            },
            Object {
              "paddingVertical": 16,
            },
            undefined,
          ]
        }
      >
        <Text
          style={
            Array [
              Object {
                "color": "#000000",
                "fontFamily": "System",
                "fontWeight": "400",
              },
              Object {
                "textAlign": "left",
              },
              Array [
                Object {
                  "textAlign": "left",
                },
                Object {
                  "color": "rgba(0, 0, 0, 0.87)",
                  "fontFamily": "System",
                  "fontWeight": "400",
                  "writingDirection": "ltr",
                },
                Array [
                  Object {
                    "fontSize": 14,
                    "letterSpacing": 0.25,
                    "lineHeight": 20,
                    "marginVertical": 2,
                  },
                  Object {
                    "alignContent": "center",
                    "color": "#03DAC6",
                    "fontFamily": "Roboto",
                    "fontSize": 20,
                    "justifyContent": "center",
                    "marginLeft": "5%",
                    "width": "100%",
                  },
                ],
              ],
            ]
          }
        >
          Slice of Pizza
        </Text>
        <Text
          style={
            Array [
              Object {
                "color": "#000000",
                "fontFamily": "System",
                "fontWeight": "400",
              },
              Object {
                "textAlign": "left",
              },
              Array [
                Object {
                  "textAlign": "left",
                },
                Object {
                  "color": "rgba(0, 0, 0, 0.87)",
                  "fontFamily": "System",
                  "fontWeight": "400",
                  "writingDirection": "ltr",
                },
                Array [
                  Object {
                    "fontSize": 14,
                    "letterSpacing": 0.25,
                    "lineHeight": 20,
                    "marginVertical": 2,
                  },
                  Object {
                    "color": "#03DAC6",
                    "fontFamily": "Roboto",
                    "fontSize": 10,
                    "marginLeft": "5%",
                  },
                ],
              ],
            ]
          }
        >
          $2.99
        </Text>
        <Text
          style={
            Array [
              Object {
                "color": "#000000",
                "fontFamily": "System",
                "fontWeight": "400",
              },
              Object {
                "textAlign": "left",
              },
              Array [
                Object {
                  "textAlign": "left",
                },
                Object {
                  "color": "rgba(0, 0, 0, 0.87)",
                  "fontFamily": "System",
                  "fontWeight": "400",
                  "writingDirection": "ltr",
                },
                Array [
                  Object {
                    "fontSize": 14,
                    "letterSpacing": 0.25,
                    "lineHeight": 20,
                    "marginVertical": 2,
                  },
                  Object {
                    "color": "#03DAC6",
                    "fontFamily": "Roboto",
                    "marginBottom": 5,
                    "marginLeft": "5%",
                  },
                ],
              ],
            ]
          }
        >
          A single slice of pizza
        </Text>
        <View
          style={
            Array [
              Object {
                "backgroundColor": "#eeeeee",
                "height": 195,
                "overflow": "hidden",
              },
              undefined,
              Object {
                "alignContent": "center",
                "display": "flex",
                "justifyContent": "center",
                "marginBottom": 10,
                "marginLeft": "5%",
                "width": "90%",
              },
            ]
          }
        >
          <Image
            source={
              Object {
                "uri": "https://sample-python-cfd.herokuapp.com//CFD/1.0.0/image/4",
              }
            }
            style={
              Array [
                Object {
                  "flex": 1,
                  "height": undefined,
                  "justifyContent": "flex-end",
                  "padding": 16,
                  "width": undefined,
                },
                undefined,
              ]
            }
          />
        </View>
        <View
          style={
            Array [
              Object {
                "alignItems": "center",
                "flexDirection": "row",
                "justifyContent": "flex-start",
                "padding": 8,
              },
              Object {
                "color": "#03DAC6",
                "fontFamily": "Roboto",
                "marginLeft": "3%",
                "padding": 5,
              },
            ]
          }
        >
          <View
            collapsable={false}
            style={
              Object {
                "backgroundColor": "#03DAC6",
                "borderColor": "transparent",
                "borderRadius": 4,
                "borderStyle": "solid",
                "borderWidth": 0,
                "elevation": 2,
                "minWidth": "auto",
                "shadowColor": "#000000",
                "shadowOffset": Object {
                  "height": 0.75,
                  "width": 0,
                },
                "shadowOpacity": 0.24,
                "shadowRadius": 1.5,
              }
            }
          >
            <View
              accessibilityRole="button"
              accessibilityState={
                Object {
                  "disabled": false,
                }
              }
              accessible={true}
              focusable={true}
              onClick={[Function]}
              onResponderGrant={[Function]}
              onResponderMove={[Function]}
              onResponderRelease={[Function]}
              onResponderTerminate={[Function]}
              onResponderTerminationRequest={[Function]}
              onStartShouldSetResponder={[Function]}
              style={
                Array [
                  Object {
                    "overflow": "hidden",
                  },
                  Object {
                    "borderRadius": 4,
                  },
                ]
              }
            >
              <View
                style={
                  Array [
                    Object {
                      "alignItems": "center",
                      "flexDirection": "row",
                      "justifyContent": "center",
                    },
                    undefined,
                  ]
                }
              >
                <Text
                  numberOfLines={1}
                  selectable={false}
                  style={
                    Array [
                      Object {
                        "color": "#000000",
                        "fontFamily": "System",
                        "fontWeight": "400",
                      },
                      Object {
                        "textAlign": "left",
                      },
                      Array [
                        Object {
                          "letterSpacing": 1,
                          "marginHorizontal": 16,
                          "marginVertical": 9,
                          "textAlign": "center",
                        },
                        Object {
                          "marginHorizontal": 8,
                        },
                        Object {
                          "textTransform": "uppercase",
                        },
                        Object {
                          "color": "#000000",
                          "fontFamily": "System",
                          "fontWeight": "500",
                        },
                        Object {
                          "fontFamily": "System",
                          "fontWeight": "500",
                        },
                        undefined,
                      ],
                    ]
                  }
                >
                  Add to Cart
                </Text>
              </View>
            </View>
          </View>
        </View>
      </View>
    </View>
  </View>
</View>
`;
